C:/Users/bbbmi/OneDrive/Desktop/SubGHz_Phy_PingPong/STM32CubeIDE/Application/User/Core/RF_Transmission.h:367:6:LED_Process	1
C:/Users/bbbmi/OneDrive/Desktop/SubGHz_Phy_PingPong/STM32CubeIDE/Application/User/Core/RF_Transmission.h:509:13:OnledEvent	1
C:/Users/bbbmi/OneDrive/Desktop/SubGHz_Phy_PingPong/STM32CubeIDE/Application/User/Core/RF_Transmission.h:373:13:PingPong_Process	16
C:/Users/bbbmi/OneDrive/Desktop/SubGHz_Phy_PingPong/STM32CubeIDE/Application/User/Core/RF_Transmission.h:345:13:OnRxError	1
C:/Users/bbbmi/OneDrive/Desktop/SubGHz_Phy_PingPong/STM32CubeIDE/Application/User/Core/RF_Transmission.h:334:13:OnRxTimeout	1
C:/Users/bbbmi/OneDrive/Desktop/SubGHz_Phy_PingPong/STM32CubeIDE/Application/User/Core/RF_Transmission.h:323:13:OnTxTimeout	1
C:/Users/bbbmi/OneDrive/Desktop/SubGHz_Phy_PingPong/STM32CubeIDE/Application/User/Core/RF_Transmission.h:282:13:OnRxDone	4
C:/Users/bbbmi/OneDrive/Desktop/SubGHz_Phy_PingPong/STM32CubeIDE/Application/User/Core/RF_Transmission.h:271:13:OnTxDone	1
C:/Users/bbbmi/OneDrive/Desktop/SubGHz_Phy_PingPong/STM32CubeIDE/Application/User/Core/RF_Transmission.h:174:6:RF_Transceiver_Init	1
C:/Users/bbbmi/OneDrive/Desktop/SubGHz_Phy_PingPong/STM32CubeIDE/Application/User/Core/RF_Transmission.h:357:6:Update_State	2
C:/Users/bbbmi/OneDrive/Desktop/SubGHz_Phy_PingPong/Core/Src/main.c:183:6:Error_Handler	1
C:/Users/bbbmi/OneDrive/Desktop/SubGHz_Phy_PingPong/Core/Src/main.c:120:6:SystemClock_Config	1
C:/Users/bbbmi/OneDrive/Desktop/SubGHz_Phy_PingPong/Core/Src/main.c:64:5:main	3
